newman

Categories API (Test Cases)

❏ 1. GET Operations
↳ 1.1 Get All Categories - Success
  GET http://localhost:8091/categories [200 OK, 948B, 271ms]
  ✓  Status code is 200
  ✓  Response has valid JSON body
  ✓  Response contains array of categories

↳ 1.2 Get Category Tree - Success
  GET http://localhost:8091/categories/tree [200 OK, 1.19kB, 21ms]
  ✓  Status code is 200
  ✓  Response has parent-child structure

↳ 1.3 Get Single Category - Invalid ID
  GET http://localhost:8091/categories/99999 [404 Not Found, 266B, 14ms]
  ✓  Status code is 404 for invalid ID

↳ 1.4 Search Categories - Empty Results
  GET http://localhost:8091/categories/search?q=InvalidSearchTerm [200 OK, 253B, 11ms]
  ✓  Status code is 200 even with no results
  ✓  Returns empty array for no matches

❏ 2. CREATE Operations
↳ 2.1 Create Category - Success
  POST http://localhost:8091/categories [201 Created, 328B, 39ms]
  ✓  Status code is 201 for creation
  ✓  Response contains created category

↳ 2.2 Create Category - Invalid Data
  POST http://localhost:8091/categories [422 Unprocessable Content, 319B, 11ms]
  ✓  Status code is 422 for invalid data
  1. Response contains error details

┌─────────────────────────┬───────────────────┬───────────────────┐
│                         │          executed │            failed │
├─────────────────────────┼───────────────────┼───────────────────┤
│              iterations │                 1 │                 0 │
├─────────────────────────┼───────────────────┼───────────────────┤
│                requests │                 6 │                 0 │
├─────────────────────────┼───────────────────┼───────────────────┤
│            test-scripts │                 6 │                 0 │
├─────────────────────────┼───────────────────┼───────────────────┤
│      prerequest-scripts │                 0 │                 0 │
├─────────────────────────┼───────────────────┼───────────────────┤
│              assertions │                12 │                 1 │
├─────────────────────────┴───────────────────┴───────────────────┤
│ total run duration: 499ms                                       │
├─────────────────────────────────────────────────────────────────┤
│ total data received: 1.82kB (approx)                            │
├─────────────────────────────────────────────────────────────────┤
│ average response time: 61ms [min: 11ms, max: 271ms, s.d.: 94ms] │
└─────────────────────────────────────────────────────────────────┘

[31m  # [39m[31m failure        [39m[31m detail                                                             [39m
[90m    [39m[90m                [39m[90m                                                                    [39m
 1.  AssertionError  Response contains error details                                    
                     expected { …(2) } to have property 'errors'                        
                     at assertion:1 in test-script                                      
                     inside "2. CREATE Operations / 2.2 Create Category - Invalid Data" 
